2026-03-29 16:16:09,788 - INFO - Створено директорію для звітів: ./reports
2026-03-29 16:16:09,788 - INFO - Програму запущено. Версія: 1.0.0
2026-03-29 16:16:09,789 - INFO - Базове налаштування успішно завершено. Запуск GUI...
2026-03-29 16:16:09,912 - INFO - Сучасний графічний інтерфейс ініціалізовано.
2026-03-29 16:17:25,339 - ERROR - Помилка введення: Будь ласка, введіть коректні числа. Деталі: invalid literal for int() with base 10: 'qwert'
2026-03-29 16:18:03,954 - INFO - Створено ББП: Входи=2, Приховані=2, Виходи=1
2026-03-29 16:18:03,954 - INFO - Початок навчання. Епох: 50, Швидкість навчання: 0.1
2026-03-29 16:18:03,955 - INFO - Навчання успішно завершено.
2026-03-29 16:18:14,279 - INFO - Звіт збережено: ./reports\report_XOR_20260329_161814.txt
2026-03-29 16:25:43,062 - INFO - Програму запущено. Версія: 1.0.0
2026-03-29 16:25:43,063 - INFO - Базове налаштування успішно завершено. Запуск GUI...
2026-03-29 16:25:43,191 - INFO - Сучасний графічний інтерфейс ініціалізовано.
2026-03-29 16:26:37,328 - INFO - Створено ББП: Входи=2, Приховані=2, Виходи=1
2026-03-29 16:26:37,329 - INFO - Початок навчання. Епох: 5000, Швидкість навчання: 0.1
2026-03-29 16:26:37,424 - INFO - Навчання успішно завершено.
2026-03-29 16:26:44,087 - INFO - Створено ББП: Входи=2, Приховані=2, Виходи=1
2026-03-29 16:26:44,087 - INFO - Початок навчання. Епох: 5000, Швидкість навчання: 0.1
2026-03-29 16:26:44,181 - INFO - Навчання успішно завершено.
2026-03-29 16:26:47,751 - INFO - Створено ББП: Входи=2, Приховані=2, Виходи=1
2026-03-29 16:26:47,752 - INFO - Початок навчання. Епох: 5000, Швидкість навчання: 0.1
2026-03-29 16:26:47,846 - INFO - Навчання успішно завершено.
2026-03-29 16:26:48,643 - INFO - Створено ББП: Входи=2, Приховані=2, Виходи=1
2026-03-29 16:26:48,643 - INFO - Початок навчання. Епох: 5000, Швидкість навчання: 0.1
2026-03-29 16:26:48,739 - INFO - Навчання успішно завершено.
2026-03-29 16:26:49,782 - INFO - Створено ББП: Входи=2, Приховані=2, Виходи=1
2026-03-29 16:26:49,783 - INFO - Початок навчання. Епох: 5000, Швидкість навчання: 0.1
2026-03-29 16:26:49,879 - INFO - Навчання успішно завершено.
2026-03-29 16:26:50,289 - INFO - Створено ББП: Входи=2, Приховані=2, Виходи=1
2026-03-29 16:26:50,290 - INFO - Початок навчання. Епох: 5000, Швидкість навчання: 0.1
2026-03-29 16:26:50,383 - INFO - Навчання успішно завершено.
2026-03-29 16:26:50,704 - INFO - Створено ББП: Входи=2, Приховані=2, Виходи=1
2026-03-29 16:26:50,704 - INFO - Початок навчання. Епох: 5000, Швидкість навчання: 0.1
2026-03-29 16:26:50,797 - INFO - Навчання успішно завершено.
2026-03-29 16:26:51,437 - INFO - Створено ББП: Входи=2, Приховані=2, Виходи=1
2026-03-29 16:26:51,438 - INFO - Початок навчання. Епох: 5000, Швидкість навчання: 0.1
2026-03-29 16:26:51,533 - INFO - Навчання успішно завершено.
2026-03-29 16:26:51,991 - INFO - Створено ББП: Входи=2, Приховані=2, Виходи=1
2026-03-29 16:26:51,991 - INFO - Початок навчання. Епох: 5000, Швидкість навчання: 0.1
2026-03-29 16:26:52,083 - INFO - Навчання успішно завершено.
2026-03-29 16:26:54,350 - INFO - Створено ББП: Входи=2, Приховані=2, Виходи=1
2026-03-29 16:26:54,350 - INFO - Початок навчання. Епох: 5000, Швидкість навчання: 0.1
2026-03-29 16:26:54,447 - INFO - Навчання успішно завершено.
2026-03-29 16:26:55,250 - INFO - Створено ББП: Входи=2, Приховані=2, Виходи=1
2026-03-29 16:26:55,250 - INFO - Початок навчання. Епох: 5000, Швидкість навчання: 0.1
2026-03-29 16:26:55,343 - INFO - Навчання успішно завершено.
2026-03-29 16:26:56,143 - INFO - Створено ББП: Входи=2, Приховані=2, Виходи=1
2026-03-29 16:26:56,143 - INFO - Початок навчання. Епох: 5000, Швидкість навчання: 0.1
2026-03-29 16:26:56,237 - INFO - Навчання успішно завершено.
2026-03-29 16:26:57,959 - INFO - Створено ББП: Входи=2, Приховані=2, Виходи=1
2026-03-29 16:26:57,960 - INFO - Початок навчання. Епох: 5000, Швидкість навчання: 0.1
2026-03-29 16:26:58,052 - INFO - Навчання успішно завершено.
2026-03-29 16:26:58,591 - INFO - Створено ББП: Входи=2, Приховані=2, Виходи=1
2026-03-29 16:26:58,592 - INFO - Початок навчання. Епох: 5000, Швидкість навчання: 0.1
2026-03-29 16:26:58,685 - INFO - Навчання успішно завершено.
2026-03-29 16:26:59,337 - INFO - Створено ББП: Входи=2, Приховані=2, Виходи=1
2026-03-29 16:26:59,337 - INFO - Початок навчання. Епох: 5000, Швидкість навчання: 0.1
2026-03-29 16:26:59,430 - INFO - Навчання успішно завершено.
2026-03-29 16:26:59,900 - INFO - Створено ББП: Входи=2, Приховані=2, Виходи=1
2026-03-29 16:26:59,900 - INFO - Початок навчання. Епох: 5000, Швидкість навчання: 0.1
2026-03-29 16:26:59,992 - INFO - Навчання успішно завершено.
2026-03-29 16:27:07,935 - INFO - Створено ББП: Входи=2, Приховані=2, Виходи=1
2026-03-29 16:27:07,936 - INFO - Початок навчання. Епох: 5000, Швидкість навчання: 0.8
2026-03-29 16:27:08,028 - INFO - Навчання успішно завершено.
2026-03-29 16:27:09,528 - INFO - Створено ББП: Входи=2, Приховані=2, Виходи=1
2026-03-29 16:27:09,528 - INFO - Початок навчання. Епох: 5000, Швидкість навчання: 0.8
2026-03-29 16:27:09,620 - INFO - Навчання успішно завершено.
2026-03-29 16:27:10,022 - INFO - Створено ББП: Входи=2, Приховані=2, Виходи=1
2026-03-29 16:27:10,022 - INFO - Початок навчання. Епох: 5000, Швидкість навчання: 0.8
2026-03-29 16:27:10,114 - INFO - Навчання успішно завершено.
2026-03-29 16:27:10,572 - INFO - Створено ББП: Входи=2, Приховані=2, Виходи=1
2026-03-29 16:27:10,573 - INFO - Початок навчання. Епох: 5000, Швидкість навчання: 0.8
2026-03-29 16:27:10,665 - INFO - Навчання успішно завершено.
2026-03-29 16:27:10,991 - INFO - Створено ББП: Входи=2, Приховані=2, Виходи=1
2026-03-29 16:27:10,991 - INFO - Початок навчання. Епох: 5000, Швидкість навчання: 0.8
2026-03-29 16:27:11,083 - INFO - Навчання успішно завершено.
2026-03-29 16:31:41,719 - INFO - Створено ББП: Входи=2, Приховані=2, Виходи=1
2026-03-29 16:31:41,720 - INFO - Початок навчання. Епох: 5000, Швидкість навчання: 0.1
2026-03-29 16:31:41,812 - INFO - Навчання успішно завершено.
2026-03-29 16:31:49,357 - INFO - Звіт збережено: ./reports\report_XOR_20260329_163149.txt
2026-03-29 16:32:06,922 - INFO - Створено ББП: Входи=2, Приховані=2, Виходи=1
2026-03-29 16:32:06,923 - INFO - Початок навчання. Епох: 10000, Швидкість навчання: 0.1
2026-03-29 16:32:07,109 - INFO - Навчання успішно завершено.
2026-03-29 16:32:13,641 - INFO - Створено ББП: Входи=2, Приховані=2, Виходи=1
2026-03-29 16:32:13,641 - INFO - Початок навчання. Епох: 10000, Швидкість навчання: 0.1
2026-03-29 16:32:13,826 - INFO - Навчання успішно завершено.
2026-03-29 16:32:21,104 - INFO - Створено ББП: Входи=2, Приховані=2, Виходи=1
2026-03-29 16:32:21,104 - INFO - Початок навчання. Епох: 5500, Швидкість навчання: 0.1
2026-03-29 16:32:21,206 - INFO - Навчання успішно завершено.
2026-03-29 16:32:21,751 - INFO - Створено ББП: Входи=2, Приховані=2, Виходи=1
2026-03-29 16:32:21,751 - INFO - Початок навчання. Епох: 5500, Швидкість навчання: 0.1
2026-03-29 16:32:21,852 - INFO - Навчання успішно завершено.
2026-03-29 16:32:22,329 - INFO - Створено ББП: Входи=2, Приховані=2, Виходи=1
2026-03-29 16:32:22,329 - INFO - Початок навчання. Епох: 5500, Швидкість навчання: 0.1
2026-03-29 16:32:22,431 - INFO - Навчання успішно завершено.
2026-03-29 16:32:22,975 - INFO - Створено ББП: Входи=2, Приховані=2, Виходи=1
2026-03-29 16:32:22,976 - INFO - Початок навчання. Епох: 5500, Швидкість навчання: 0.1
2026-03-29 16:32:23,077 - INFO - Навчання успішно завершено.
2026-03-29 16:32:23,565 - INFO - Створено ББП: Входи=2, Приховані=2, Виходи=1
2026-03-29 16:32:23,565 - INFO - Початок навчання. Епох: 5500, Швидкість навчання: 0.1
2026-03-29 16:32:23,668 - INFO - Навчання успішно завершено.
2026-03-29 16:32:31,265 - INFO - Створено ББП: Входи=2, Приховані=2, Виходи=1
2026-03-29 16:32:31,266 - INFO - Початок навчання. Епох: 5500, Швидкість навчання: 0.7
2026-03-29 16:32:31,370 - INFO - Навчання успішно завершено.
2026-03-29 16:32:31,773 - INFO - Створено ББП: Входи=2, Приховані=2, Виходи=1
2026-03-29 16:32:31,773 - INFO - Початок навчання. Епох: 5500, Швидкість навчання: 0.7
2026-03-29 16:32:31,875 - INFO - Навчання успішно завершено.
2026-03-29 16:32:32,202 - INFO - Створено ББП: Входи=2, Приховані=2, Виходи=1
2026-03-29 16:32:32,202 - INFO - Початок навчання. Епох: 5500, Швидкість навчання: 0.7
2026-03-29 16:32:32,304 - INFO - Навчання успішно завершено.
2026-03-29 16:32:32,596 - INFO - Створено ББП: Входи=2, Приховані=2, Виходи=1
2026-03-29 16:32:32,596 - INFO - Початок навчання. Епох: 5500, Швидкість навчання: 0.7
2026-03-29 16:32:32,698 - INFO - Навчання успішно завершено.
2026-03-29 16:32:33,061 - INFO - Створено ББП: Входи=2, Приховані=2, Виходи=1
2026-03-29 16:32:33,061 - INFO - Початок навчання. Епох: 5500, Швидкість навчання: 0.7
2026-03-29 16:32:33,163 - INFO - Навчання успішно завершено.
2026-03-29 16:32:39,887 - INFO - Створено ББП: Входи=2, Приховані=2, Виходи=1
2026-03-29 16:32:39,887 - INFO - Початок навчання. Епох: 5000, Швидкість навчання: 0.7
2026-03-29 16:32:39,980 - INFO - Навчання успішно завершено.
2026-03-29 16:32:41,037 - INFO - Створено ББП: Входи=2, Приховані=2, Виходи=1
2026-03-29 16:32:41,038 - INFO - Початок навчання. Епох: 5000, Швидкість навчання: 0.7
2026-03-29 16:32:41,131 - INFO - Навчання успішно завершено.
2026-03-29 16:32:41,415 - INFO - Створено ББП: Входи=2, Приховані=2, Виходи=1
2026-03-29 16:32:41,415 - INFO - Початок навчання. Епох: 5000, Швидкість навчання: 0.7
2026-03-29 16:32:41,509 - INFO - Навчання успішно завершено.
2026-03-29 16:32:41,769 - INFO - Створено ББП: Входи=2, Приховані=2, Виходи=1
2026-03-29 16:32:41,769 - INFO - Початок навчання. Епох: 5000, Швидкість навчання: 0.7
2026-03-29 16:32:41,863 - INFO - Навчання успішно завершено.
2026-03-29 16:32:42,125 - INFO - Створено ББП: Входи=2, Приховані=2, Виходи=1
2026-03-29 16:32:42,125 - INFO - Початок навчання. Епох: 5000, Швидкість навчання: 0.7
2026-03-29 16:32:42,219 - INFO - Навчання успішно завершено.
2026-03-29 16:32:47,100 - INFO - Створено ББП: Входи=2, Приховані=2, Виходи=1
2026-03-29 16:32:47,100 - INFO - Початок навчання. Епох: 5000, Швидкість навчання: 0.7
2026-03-29 16:32:47,194 - INFO - Навчання успішно завершено.
2026-03-29 16:32:48,409 - INFO - Створено ББП: Входи=2, Приховані=2, Виходи=1
2026-03-29 16:32:48,409 - INFO - Початок навчання. Епох: 5000, Швидкість навчання: 0.7
2026-03-29 16:32:48,502 - INFO - Навчання успішно завершено.
2026-03-29 16:32:48,815 - INFO - Створено ББП: Входи=2, Приховані=2, Виходи=1
2026-03-29 16:32:48,816 - INFO - Початок навчання. Епох: 5000, Швидкість навчання: 0.7
2026-03-29 16:32:48,908 - INFO - Навчання успішно завершено.
2026-03-29 16:32:49,133 - INFO - Створено ББП: Входи=2, Приховані=2, Виходи=1
2026-03-29 16:32:49,133 - INFO - Початок навчання. Епох: 5000, Швидкість навчання: 0.7
2026-03-29 16:32:49,225 - INFO - Навчання успішно завершено.
2026-03-29 16:32:51,707 - INFO - Створено ББП: Входи=2, Приховані=2, Виходи=1
2026-03-29 16:32:51,707 - INFO - Початок навчання. Епох: 5000, Швидкість навчання: 0.7
2026-03-29 16:32:51,799 - INFO - Навчання успішно завершено.
2026-03-29 16:32:52,166 - INFO - Створено ББП: Входи=2, Приховані=2, Виходи=1
2026-03-29 16:32:52,166 - INFO - Початок навчання. Епох: 5000, Швидкість навчання: 0.7
2026-03-29 16:32:52,259 - INFO - Навчання успішно завершено.
2026-03-29 16:32:52,640 - INFO - Створено ББП: Входи=2, Приховані=2, Виходи=1
2026-03-29 16:32:52,641 - INFO - Початок навчання. Епох: 5000, Швидкість навчання: 0.7
2026-03-29 16:32:52,733 - INFO - Навчання успішно завершено.
2026-03-29 16:32:54,623 - INFO - Створено ББП: Входи=2, Приховані=2, Виходи=1
2026-03-29 16:32:54,623 - INFO - Початок навчання. Епох: 5000, Швидкість навчання: 0.7
2026-03-29 16:32:54,717 - INFO - Навчання успішно завершено.
2026-03-29 16:32:55,379 - INFO - Створено ББП: Входи=2, Приховані=2, Виходи=1
2026-03-29 16:32:55,379 - INFO - Початок навчання. Епох: 5000, Швидкість навчання: 0.7
2026-03-29 16:32:55,473 - INFO - Навчання успішно завершено.
2026-03-29 16:33:30,068 - INFO - Створено ББП: Входи=2, Приховані=2, Виходи=1
2026-03-29 16:33:30,068 - INFO - Початок навчання. Епох: 5000, Швидкість навчання: 0.1
2026-03-29 16:33:30,161 - INFO - Навчання успішно завершено.
2026-03-29 16:33:31,012 - INFO - Створено ББП: Входи=2, Приховані=2, Виходи=1
2026-03-29 16:33:31,012 - INFO - Початок навчання. Епох: 5000, Швидкість навчання: 0.1
2026-03-29 16:33:31,105 - INFO - Навчання успішно завершено.
2026-03-29 16:34:29,052 - INFO - Створено ББП: Входи=2, Приховані=2, Виходи=1
2026-03-29 16:34:29,052 - INFO - Початок навчання. Епох: 5000, Швидкість навчання: 0.1
2026-03-29 16:34:29,143 - INFO - Навчання успішно завершено.
2026-03-29 16:34:30,878 - INFO - Створено ББП: Входи=2, Приховані=2, Виходи=1
2026-03-29 16:34:30,878 - INFO - Початок навчання. Епох: 5000, Швидкість навчання: 0.1
2026-03-29 16:34:30,971 - INFO - Навчання успішно завершено.
2026-03-29 16:34:31,681 - INFO - Створено ББП: Входи=2, Приховані=2, Виходи=1
2026-03-29 16:34:31,681 - INFO - Початок навчання. Епох: 5000, Швидкість навчання: 0.1
2026-03-29 16:34:31,775 - INFO - Навчання успішно завершено.
2026-03-29 16:34:32,248 - INFO - Створено ББП: Входи=2, Приховані=2, Виходи=1
2026-03-29 16:34:32,248 - INFO - Початок навчання. Епох: 5000, Швидкість навчання: 0.1
2026-03-29 16:34:32,341 - INFO - Навчання успішно завершено.
2026-03-29 16:34:32,745 - INFO - Створено ББП: Входи=2, Приховані=2, Виходи=1
2026-03-29 16:34:32,745 - INFO - Початок навчання. Епох: 5000, Швидкість навчання: 0.1
2026-03-29 16:34:32,839 - INFO - Навчання успішно завершено.
2026-03-29 16:34:33,122 - INFO - Створено ББП: Входи=2, Приховані=2, Виходи=1
2026-03-29 16:34:33,123 - INFO - Початок навчання. Епох: 5000, Швидкість навчання: 0.1
2026-03-29 16:34:33,216 - INFO - Навчання успішно завершено.
2026-03-29 16:34:33,758 - INFO - Створено ББП: Входи=2, Приховані=2, Виходи=1
2026-03-29 16:34:33,759 - INFO - Початок навчання. Епох: 5000, Швидкість навчання: 0.1
2026-03-29 16:34:33,851 - INFO - Навчання успішно завершено.
2026-03-29 16:41:34,408 - INFO - Програму запущено. Версія: 1.0.0
2026-03-29 16:41:34,408 - INFO - Базове налаштування успішно завершено. Запуск GUI...
2026-03-29 16:41:34,538 - INFO - Сучасний графічний інтерфейс ініціалізовано.
2026-03-29 16:55:00,517 - INFO - Програму запущено. Версія: 1.0.0
2026-03-29 16:55:00,517 - INFO - Базове налаштування успішно завершено. Запуск GUI...
2026-03-29 16:55:00,652 - INFO - Сучасний графічний інтерфейс ініціалізовано.
2026-03-29 16:55:03,202 - INFO - Створено ББП: Входи=2, Приховані=2, Виходи=1
2026-03-29 16:55:03,202 - INFO - Початок навчання. Епох: 5000, Швидкість навчання: 5.0
2026-03-29 16:55:03,296 - INFO - Навчання успішно завершено.
2026-03-29 16:55:07,601 - INFO - Створено ББП: Входи=2, Приховані=2, Виходи=1
2026-03-29 16:55:07,602 - INFO - Початок навчання. Епох: 5000, Швидкість навчання: 5.0
2026-03-29 16:55:07,696 - INFO - Навчання успішно завершено.
2026-03-29 17:00:01,799 - INFO - Програму запущено. Версія: 1.0.0
2026-03-29 17:00:01,799 - INFO - Базове налаштування успішно завершено. Запуск GUI...
2026-03-29 17:00:01,932 - INFO - Сучасний графічний інтерфейс ініціалізовано.
2026-03-29 17:00:05,827 - ERROR - Помилка валідації: Швидкість навчання має бути в межах від 0.01 до 1.0.
2026-03-29 17:00:13,623 - ERROR - Помилка валідації: could not convert string to float: 'fds'
2026-03-29 17:00:19,498 - INFO - Створено ББП: Входи=2, Приховані=2, Виходи=1
2026-03-29 17:00:19,498 - INFO - Початок навчання. Епох: 5000, Швидкість навчання: 0.1
2026-03-29 17:00:19,591 - INFO - Навчання успішно завершено.
2026-03-29 17:00:44,381 - INFO - Програму запущено. Версія: 1.0.0
2026-03-29 17:00:44,382 - INFO - Базове налаштування успішно завершено. Запуск GUI...
2026-03-29 17:00:44,513 - INFO - Сучасний графічний інтерфейс ініціалізовано.
2026-03-29 17:00:47,788 - ERROR - Помилка валідації: Швидкість навчання має бути в межах від 0.01 до 1.0.
2026-03-29 17:01:09,866 - ERROR - Помилка валідації: could not convert string to float: 'qwerty'
2026-03-29 17:13:26,021 - INFO - Програму запущено. Версія: 1.0.0
2026-03-29 17:13:26,021 - INFO - Базове налаштування успішно завершено. Запуск GUI...
2026-03-29 17:13:26,152 - INFO - Сучасний графічний інтерфейс ініціалізовано.
2026-03-29 17:14:04,315 - INFO - Створено ББП: Входи=2, Приховані=2, Виходи=1
2026-03-29 17:14:04,315 - INFO - Початок навчання. Епох: 5000, Швидкість навчання: 0.1
2026-03-29 17:14:04,410 - INFO - Навчання успішно завершено.
2026-03-29 17:14:05,661 - INFO - Створено ББП: Входи=2, Приховані=2, Виходи=1
2026-03-29 17:14:05,661 - INFO - Початок навчання. Епох: 5000, Швидкість навчання: 0.1
2026-03-29 17:14:05,756 - INFO - Навчання успішно завершено.
2026-03-29 17:14:39,862 - ERROR - Помилка валідації: Поля не можуть бути порожніми.
2026-03-29 17:15:27,560 - INFO - Створено ББП: Входи=2, Приховані=2, Виходи=1
2026-03-29 17:15:27,560 - INFO - Початок навчання. Епох: 5000, Швидкість навчання: 0.1
2026-03-29 17:15:27,657 - INFO - Навчання успішно завершено.
2026-03-29 17:15:29,178 - INFO - Створено ББП: Входи=2, Приховані=2, Виходи=1
2026-03-29 17:15:29,178 - INFO - Початок навчання. Епох: 5000, Швидкість навчання: 0.1
2026-03-29 17:15:29,271 - INFO - Навчання успішно завершено.
2026-03-29 17:15:29,817 - INFO - Звіт збережено: ./reports\report_XOR_20260329_171529.txt
2026-04-03 00:18:33,614 - INFO - Програму запущено. Версія: 1.0.0
2026-04-03 00:18:33,615 - INFO - Базове налаштування успішно завершено. Запуск GUI...
2026-04-03 00:18:34,557 - INFO - Сучасний графічний інтерфейс ініціалізовано.
2026-05-14 20:34:31,994 - INFO - Програму запущено. Версія: 1.0.0
2026-05-14 20:34:31,994 - INFO - Базове налаштування успішно завершено. Запуск GUI...
2026-05-14 20:34:32,741 - INFO - Сучасний графічний інтерфейс ініціалізовано.
2026-05-14 20:36:31,235 - INFO - Створено ББП: Входи=2, Приховані=2, Виходи=1
2026-05-14 20:36:31,236 - INFO - Початок навчання. Епох: 5000, Швидкість навчання: 0.1
2026-05-14 20:36:31,365 - INFO - Навчання успішно завершено.
2026-05-14 20:37:24,590 - ERROR - Помилка валідації: could not convert string to float: 'йцу'
2026-05-14 20:38:24,216 - ERROR - Помилка валідації: Поля не можуть бути порожніми.
2026-05-14 20:38:54,706 - INFO - Звіт збережено: ./reports\report_XOR_20260514_203854.txt
2026-05-14 21:17:06,356 - INFO - Програму запущено. Версія: 1.0.0
2026-05-14 21:17:06,356 - INFO - Базове налаштування успішно завершено. Запуск GUI...
2026-05-14 21:17:06,479 - INFO - Сучасний графічний інтерфейс ініціалізовано.
2026-05-14 21:17:50,013 - ERROR - Внутрішня помилка: Дані для експорту відсутні!
2026-05-14 21:18:00,743 - INFO - Створено ББП: Входи=2, Приховані=2, Виходи=1
2026-05-14 21:18:00,744 - INFO - Початок навчання. Епох: 5000, Швидкість навчання: 0.1
2026-05-14 21:18:00,839 - INFO - Навчання успішно завершено.
2026-05-14 21:18:03,370 - INFO - Створено ББП: Входи=2, Приховані=2, Виходи=1
2026-05-14 21:18:03,370 - INFO - Початок навчання. Епох: 5000, Швидкість навчання: 0.1
2026-05-14 21:18:03,465 - INFO - Навчання успішно завершено.
2026-05-14 21:18:04,335 - INFO - Створено ББП: Входи=2, Приховані=2, Виходи=1
2026-05-14 21:18:04,335 - INFO - Початок навчання. Епох: 5000, Швидкість навчання: 0.1
2026-05-14 21:18:04,430 - INFO - Навчання успішно завершено.
2026-05-14 21:18:07,145 - INFO - JSON збережено: ./reports\data_XOR_20260514_211807.json
